  Determining projects to restore...
  All projects are up-to-date for restore.
D:\Clg_Project\SmartSocietyMVC\Data\ApplicationDbContext.cs(1,17): error CS0234: The type or namespace name 'EntityFrameworkCore' does not exist in the namespace 'Microsoft' (are you missing an assembly reference?) [D:\Clg_Project\SmartSocietyMVC\SmartSocietyMVC.csproj]
D:\Clg_Project\SmartSocietyMVC\Program.cs(1,17): error CS0234: The type or namespace name 'EntityFrameworkCore' does not exist in the namespace 'Microsoft' (are you missing an assembly reference?) [D:\Clg_Project\SmartSocietyMVC\SmartSocietyMVC.csproj]
D:\Clg_Project\SmartSocietyMVC\Data\ApplicationDbContext.cs(6,41): error CS0246: The type or namespace name 'DbContext' could not be found (are you missing a using directive or an assembly reference?) [D:\Clg_Project\SmartSocietyMVC\SmartSocietyMVC.csproj]
D:\Clg_Project\SmartSocietyMVC\Data\ApplicationDbContext.cs(8,37): error CS0246: The type or namespace name 'DbContextOptions<>' could not be found (are you missing a using directive or an assembly reference?) [D:\Clg_Project\SmartSocietyMVC\SmartSocietyMVC.csproj]
D:\Clg_Project\SmartSocietyMVC\Data\ApplicationDbContext.cs(13,16): error CS0246: The type or namespace name 'DbSet<>' could not be found (are you missing a using directive or an assembly reference?) [D:\Clg_Project\SmartSocietyMVC\SmartSocietyMVC.csproj]
D:\Clg_Project\SmartSocietyMVC\Data\ApplicationDbContext.cs(14,16): error CS0246: The type or namespace name 'DbSet<>' could not be found (are you missing a using directive or an assembly reference?) [D:\Clg_Project\SmartSocietyMVC\SmartSocietyMVC.csproj]
D:\Clg_Project\SmartSocietyMVC\Data\ApplicationDbContext.cs(15,16): error CS0246: The type or namespace name 'DbSet<>' could not be found (are you missing a using directive or an assembly reference?) [D:\Clg_Project\SmartSocietyMVC\SmartSocietyMVC.csproj]
D:\Clg_Project\SmartSocietyMVC\Data\ApplicationDbContext.cs(16,16): error CS0246: The type or namespace name 'DbSet<>' could not be found (are you missing a using directive or an assembly reference?) [D:\Clg_Project\SmartSocietyMVC\SmartSocietyMVC.csproj]
D:\Clg_Project\SmartSocietyMVC\Data\ApplicationDbContext.cs(17,16): error CS0246: The type or namespace name 'DbSet<>' could not be found (are you missing a using directive or an assembly reference?) [D:\Clg_Project\SmartSocietyMVC\SmartSocietyMVC.csproj]
D:\Clg_Project\SmartSocietyMVC\Data\ApplicationDbContext.cs(18,16): error CS0246: The type or namespace name 'DbSet<>' could not be found (are you missing a using directive or an assembly reference?) [D:\Clg_Project\SmartSocietyMVC\SmartSocietyMVC.csproj]
D:\Clg_Project\SmartSocietyMVC\Data\ApplicationDbContext.cs(19,16): error CS0246: The type or namespace name 'DbSet<>' could not be found (are you missing a using directive or an assembly reference?) [D:\Clg_Project\SmartSocietyMVC\SmartSocietyMVC.csproj]
D:\Clg_Project\SmartSocietyMVC\Data\ApplicationDbContext.cs(21,49): error CS0246: The type or namespace name 'ModelBuilder' could not be found (are you missing a using directive or an assembly reference?) [D:\Clg_Project\SmartSocietyMVC\SmartSocietyMVC.csproj]

Build FAILED.

D:\Clg_Project\SmartSocietyMVC\Data\ApplicationDbContext.cs(1,17): error CS0234: The type or namespace name 'EntityFrameworkCore' does not exist in the namespace 'Microsoft' (are you missing an assembly reference?) [D:\Clg_Project\SmartSocietyMVC\SmartSocietyMVC.csproj]
D:\Clg_Project\SmartSocietyMVC\Program.cs(1,17): error CS0234: The type or namespace name 'EntityFrameworkCore' does not exist in the namespace 'Microsoft' (are you missing an assembly reference?) [D:\Clg_Project\SmartSocietyMVC\SmartSocietyMVC.csproj]
D:\Clg_Project\SmartSocietyMVC\Data\ApplicationDbContext.cs(6,41): error CS0246: The type or namespace name 'DbContext' could not be found (are you missing a using directive or an assembly reference?) [D:\Clg_Project\SmartSocietyMVC\SmartSocietyMVC.csproj]
D:\Clg_Project\SmartSocietyMVC\Data\ApplicationDbContext.cs(8,37): error CS0246: The type or namespace name 'DbContextOptions<>' could not be found (are you missing a using directive or an assembly reference?) [D:\Clg_Project\SmartSocietyMVC\SmartSocietyMVC.csproj]
D:\Clg_Project\SmartSocietyMVC\Data\ApplicationDbContext.cs(13,16): error CS0246: The type or namespace name 'DbSet<>' could not be found (are you missing a using directive or an assembly reference?) [D:\Clg_Project\SmartSocietyMVC\SmartSocietyMVC.csproj]
D:\Clg_Project\SmartSocietyMVC\Data\ApplicationDbContext.cs(14,16): error CS0246: The type or namespace name 'DbSet<>' could not be found (are you missing a using directive or an assembly reference?) [D:\Clg_Project\SmartSocietyMVC\SmartSocietyMVC.csproj]
D:\Clg_Project\SmartSocietyMVC\Data\ApplicationDbContext.cs(15,16): error CS0246: The type or namespace name 'DbSet<>' could not be found (are you missing a using directive or an assembly reference?) [D:\Clg_Project\SmartSocietyMVC\SmartSocietyMVC.csproj]
D:\Clg_Project\SmartSocietyMVC\Data\ApplicationDbContext.cs(16,16): error CS0246: The type or namespace name 'DbSet<>' could not be found (are you missing a using directive or an assembly reference?) [D:\Clg_Project\SmartSocietyMVC\SmartSocietyMVC.csproj]
D:\Clg_Project\SmartSocietyMVC\Data\ApplicationDbContext.cs(17,16): error CS0246: The type or namespace name 'DbSet<>' could not be found (are you missing a using directive or an assembly reference?) [D:\Clg_Project\SmartSocietyMVC\SmartSocietyMVC.csproj]
D:\Clg_Project\SmartSocietyMVC\Data\ApplicationDbContext.cs(18,16): error CS0246: The type or namespace name 'DbSet<>' could not be found (are you missing a using directive or an assembly reference?) [D:\Clg_Project\SmartSocietyMVC\SmartSocietyMVC.csproj]
D:\Clg_Project\SmartSocietyMVC\Data\ApplicationDbContext.cs(19,16): error CS0246: The type or namespace name 'DbSet<>' could not be found (are you missing a using directive or an assembly reference?) [D:\Clg_Project\SmartSocietyMVC\SmartSocietyMVC.csproj]
D:\Clg_Project\SmartSocietyMVC\Data\ApplicationDbContext.cs(21,49): error CS0246: The type or namespace name 'ModelBuilder' could not be found (are you missing a using directive or an assembly reference?) [D:\Clg_Project\SmartSocietyMVC\SmartSocietyMVC.csproj]
    0 Warning(s)
    12 Error(s)

Time Elapsed 00:00:01.27
